#MCell 4.00
#GAME Life
#RULE B3/S23
#BOARD 2x2
#L 2A$2A
