#MCell 4.00
#BOARD 100x100
#L 100A$100A$100A$100A$100A$100A$100A$100A$100A$100A$100A$100A$100A$100A$100A$100A$100A$100A$100A$100A$100A$100A$100A$100A$100A$100A$100A$100A$100A$100A$100A$100A$100A$100A$100A$100A$100A$100A$100A$100A$100A$100A$100A$100A$100A$100A$100A$100A$100A$100A$100A$100A$100A$100A$100A$100A$100A$100A$100A$100A$100A$100A$100A$100A$100A$100A$100A$100A$100A$100A$100A$100A$100A$100A$100A$100A$100A$100A$100A$100A$100A$100A$100A$100A$100A$100A$100A$100A$100A$100A$100A$100A$100A$100A$100A$100A$100A$100A$100A$100A
