#MCell 4.00
#GAME Life
#RULE B3/S23
#BOARD 3x3
#L .A$2.A$3A
